[INFO] Scanning for projects...
[INFO] 
[INFO] --------------------------< com.example:demo >--------------------------
[INFO] Building Football Terrain Rental 0.0.1-SNAPSHOT
[INFO]   from pom.xml
[INFO] --------------------------------[ jar ]---------------------------------
[INFO] 
[INFO] --- clean:3.4.0:clean (default-clean) @ demo ---
[INFO] Deleting /Users/mac/Downloads/demo 2/target
[INFO] 
[INFO] --- resources:3.3.1:resources (default-resources) @ demo ---
[INFO] Copying 1 resource from src/main/resources to target/classes
[INFO] Copying 0 resource from src/main/resources to target/classes
[INFO] 
[INFO] --- compiler:3.13.0:compile (default-compile) @ demo ---
[INFO] Recompiling the module because of changed source code.
[INFO] Compiling 23 source files with javac [debug parameters release 21] to target/classes
[INFO] 
[INFO] --- resources:3.3.1:testResources (default-testResources) @ demo ---
[INFO] Copying 1 resource from src/test/resources to target/test-classes
[INFO] 
[INFO] --- compiler:3.13.0:testCompile (default-testCompile) @ demo ---
[INFO] Recompiling the module because of changed dependency.
[INFO] Compiling 1 source file with javac [debug parameters release 21] to target/test-classes
[INFO] 
[INFO] --- surefire:3.5.2:test (default-test) @ demo ---
[INFO] Using auto detected provider org.apache.maven.surefire.junitplatform.JUnitPlatformProvider
[INFO] 
[INFO] -------------------------------------------------------
[INFO]  T E S T S
[INFO] -------------------------------------------------------
[INFO] Running com.example.demo.DemoApplicationTests
19:21:56.542 [main] INFO org.springframework.test.context.support.AnnotationConfigContextLoaderUtils -- Could not detect default configuration classes for test class [com.example.demo.DemoApplicationTests]: DemoApplicationTests does not declare any static, non-private, non-final, nested classes annotated with @Configuration.
19:21:56.584 [main] INFO org.springframework.boot.test.context.SpringBootTestContextBootstrapper -- Found @SpringBootConfiguration com.example.demo.DemoApplication for test class com.example.demo.DemoApplicationTests

  .   ____          _            __ _ _
 /\\ / ___'_ __ _ _(_)_ __  __ _ \ \ \ \
( ( )\___ | '_ | '_| | '_ \/ _` | \ \ \ \
 \\/  ___)| |_)| | | | | || (_| |  ) ) ) )
  '  |____| .__|_| |_|_| |_\__, | / / / /
 =========|_|==============|___/=/_/_/_/

 :: Spring Boot ::                (v3.4.0)

2026-06-15T19:21:56.740+07:00  INFO 72007 --- [demo] [           main] com.example.demo.DemoApplicationTests    : Starting DemoApplicationTests using Java 21.0.11 with PID 72007 (started by mac in /Users/mac/Downloads/demo 2)
2026-06-15T19:21:56.740+07:00  INFO 72007 --- [demo] [           main] com.example.demo.DemoApplicationTests    : The following 1 profile is active: "test"
2026-06-15T19:21:56.955+07:00  INFO 72007 --- [demo] [           main] .s.d.r.c.RepositoryConfigurationDelegate : Bootstrapping Spring Data JPA repositories in DEFAULT mode.
2026-06-15T19:21:56.982+07:00  INFO 72007 --- [demo] [           main] .s.d.r.c.RepositoryConfigurationDelegate : Finished Spring Data repository scanning in 22 ms. Found 7 JPA repository interfaces.
2026-06-15T19:21:57.141+07:00  INFO 72007 --- [demo] [           main] o.hibernate.jpa.internal.util.LogHelper  : HHH000204: Processing PersistenceUnitInfo [name: default]
2026-06-15T19:21:57.165+07:00  INFO 72007 --- [demo] [           main] org.hibernate.Version                    : HHH000412: Hibernate ORM core version 6.6.2.Final
2026-06-15T19:21:57.177+07:00  INFO 72007 --- [demo] [           main] o.h.c.internal.RegionFactoryInitiator    : HHH000026: Second-level cache disabled
2026-06-15T19:21:57.277+07:00  INFO 72007 --- [demo] [           main] o.s.o.j.p.SpringPersistenceUnitInfo      : No LoadTimeWeaver setup: ignoring JPA class transformer
2026-06-15T19:21:57.287+07:00  INFO 72007 --- [demo] [           main] com.zaxxer.hikari.HikariDataSource       : HikariPool-1 - Starting...
2026-06-15T19:21:57.350+07:00  INFO 72007 --- [demo] [           main] com.zaxxer.hikari.pool.HikariPool        : HikariPool-1 - Added connection conn0: url=jdbc:h2:mem:testdb user=SA
2026-06-15T19:21:57.351+07:00  INFO 72007 --- [demo] [           main] com.zaxxer.hikari.HikariDataSource       : HikariPool-1 - Start completed.
2026-06-15T19:21:57.362+07:00  WARN 72007 --- [demo] [           main] org.hibernate.orm.deprecation            : HHH90000025: H2Dialect does not need to be specified explicitly using 'hibernate.dialect' (remove the property setting and it will be selected by default)
2026-06-15T19:21:57.370+07:00  INFO 72007 --- [demo] [           main] org.hibernate.orm.connections.pooling    : HHH10001005: Database info:
	Database JDBC URL [Connecting through datasource 'HikariDataSource (HikariPool-1)']
	Database driver: undefined/unknown
	Database version: 2.3.232
	Autocommit mode: undefined/unknown
	Isolation level: undefined/unknown
	Minimum pool size: undefined/unknown
	Maximum pool size: undefined/unknown
2026-06-15T19:21:57.724+07:00  INFO 72007 --- [demo] [           main] o.h.e.t.j.p.i.JtaPlatformInitiator       : HHH000489: No JTA platform available (set 'hibernate.transaction.jta.platform' to enable JTA platform integration)
Hibernate: 
    drop table if exists bookings cascade 
Hibernate: 
    drop table if exists favorites cascade 
Hibernate: 
    drop table if exists payments cascade 
Hibernate: 
    drop table if exists reviews cascade 
Hibernate: 
    drop table if exists terrain_images cascade 
Hibernate: 
    drop table if exists terrains cascade 
Hibernate: 
    drop table if exists users cascade 
Hibernate: 
    create table bookings (
        total_price numeric(10,2) not null,
        created_at timestamp(6) not null,
        end_date timestamp(6) not null,
        id bigint generated by default as identity,
        renter_id bigint not null,
        start_date timestamp(6) not null,
        terrain_id bigint not null,
        updated_at timestamp(6) not null,
        status enum ('approved','cancelled','completed','pending','rejected') not null,
        primary key (id)
    )
Hibernate: 
    create table favorites (
        created_at timestamp(6) not null,
        id bigint generated by default as identity,
        terrain_id bigint not null,
        updated_at timestamp(6) not null,
        user_id bigint not null,
        primary key (id),
        unique (user_id, terrain_id)
    )
Hibernate: 
    create table payments (
        amount_paid numeric(10,2) not null,
        booking_id bigint not null,
        id bigint generated by default as identity,
        payment_date timestamp(6) not null,
        payment_method varchar(255) not null,
        transaction_id varchar(255),
        status enum ('failed','paid','refunded') not null,
        primary key (id)
    )
Hibernate: 
    create table reviews (
        rating integer not null check ((rating<=5) and (rating>=1)),
        created_at timestamp(6) not null,
        id bigint generated by default as identity,
        terrain_id bigint not null,
        updated_at timestamp(6) not null,
        user_id bigint not null,
        comment TEXT,
        primary key (id)
    )
Hibernate: 
    create table terrain_images (
        id bigint generated by default as identity,
        terrain_id bigint not null,
        uploaded_at timestamp(6) not null,
        image_path varchar(255) not null,
        primary key (id)
    )
Hibernate: 
    create table terrains (
        area_size numeric(10,2),
        is_available boolean not null,
        price_per_day numeric(10,2) not null,
        available_from timestamp(6),
        available_to timestamp(6),
        created_at timestamp(6) not null,
        id bigint generated by default as identity,
        main_image_id bigint,
        owner_id bigint not null,
        updated_at timestamp(6) not null,
        description TEXT,
        location varchar(255) not null,
        title varchar(255) not null,
        primary key (id)
    )
Hibernate: 
    create table users (
        created_at timestamp(6) not null,
        id bigint generated by default as identity,
        updated_at timestamp(6) not null,
        email varchar(255) not null unique,
        password varchar(255) not null,
        username varchar(255) not null unique,
        primary key (id)
    )
Hibernate: 
    alter table if exists bookings 
       add constraint FKhi6uutgints5fj9cj244ecysh 
       foreign key (renter_id) 
       references users
Hibernate: 
    alter table if exists bookings 
       add constraint FKgjx5ojtmm0c8qrgfuw0oim64i 
       foreign key (terrain_id) 
       references terrains
Hibernate: 
    alter table if exists favorites 
       add constraint FKkfs6lmurovif34cq5430xcojn 
       foreign key (terrain_id) 
       references terrains
Hibernate: 
    alter table if exists favorites 
       add constraint FKk7du8b8ewipawnnpg76d55fus 
       foreign key (user_id) 
       references users
Hibernate: 
    alter table if exists payments 
       add constraint FKc52o2b1jkxttngufqp3t7jr3h 
       foreign key (booking_id) 
       references bookings
Hibernate: 
    alter table if exists reviews 
       add constraint FKodvnh2ymx313jcpxb9vf93yg5 
       foreign key (terrain_id) 
       references terrains
Hibernate: 
    alter table if exists reviews 
       add constraint FKcgy7qjc1r99dp117y9en6lxye 
       foreign key (user_id) 
       references users
Hibernate: 
    alter table if exists terrain_images 
       add constraint FKkhnnxy1fi8ovis756av1y2r5f 
       foreign key (terrain_id) 
       references terrains
Hibernate: 
    alter table if exists terrains 
       add constraint FKmv68g47othx5j6acnjyx7jhrx 
       foreign key (main_image_id) 
       references terrain_images
Hibernate: 
    alter table if exists terrains 
       add constraint FK2ifeakh4thflbujirh24u0j74 
       foreign key (owner_id) 
       references users
2026-06-15T19:21:57.750+07:00  INFO 72007 --- [demo] [           main] j.LocalContainerEntityManagerFactoryBean : Initialized JPA EntityManagerFactory for persistence unit 'default'
2026-06-15T19:21:57.972+07:00  WARN 72007 --- [demo] [           main] JpaBaseConfiguration$JpaWebConfiguration : spring.jpa.open-in-view is enabled by default. Therefore, database queries may be performed during view rendering. Explicitly configure spring.jpa.open-in-view to disable this warning
2026-06-15T19:21:58.079+07:00  INFO 72007 --- [demo] [           main] o.s.b.a.h2.H2ConsoleAutoConfiguration    : H2 console available at '/h2-console'. Database available at 'jdbc:h2:mem:testdb'
2026-06-15T19:21:58.099+07:00  INFO 72007 --- [demo] [           main] com.example.demo.DemoApplicationTests    : Started DemoApplicationTests in 1.458 seconds (process running for 1.821)
Hibernate: 
    select
        count(*) 
    from
        users u1_0
2026-06-15T19:21:58.247+07:00  INFO 72007 --- [demo] [           main] com.example.demo.seeder.DatabaseSeeder   : Seeding database...
Hibernate: 
    insert 
    into
        users
        (created_at, email, password, updated_at, username, id) 
    values
        (?, ?, ?, ?, ?, default)
Hibernate: 
    insert 
    into
        users
        (created_at, email, password, updated_at, username, id) 
    values
        (?, ?, ?, ?, ?, default)
Hibernate: 
    insert 
    into
        users
        (created_at, email, password, updated_at, username, id) 
    values
        (?, ?, ?, ?, ?, default)
Hibernate: 
    insert 
    into
        users
        (created_at, email, password, updated_at, username, id) 
    values
        (?, ?, ?, ?, ?, default)
2026-06-15T19:21:58.262+07:00  INFO 72007 --- [demo] [           main] com.example.demo.seeder.DatabaseSeeder   : Seeded 4 users
Hibernate: 
    insert 
    into
        terrains
        (area_size, available_from, available_to, created_at, description, is_available, location, main_image_id, owner_id, price_per_day, title, updated_at, id) 
    values
        (?, ?, ?, ?, ?, ?, ?, ?, ?, ?, ?, ?, default)
Hibernate: 
    insert 
    into
        terrains
        (area_size, available_from, available_to, created_at, description, is_available, location, main_image_id, owner_id, price_per_day, title, updated_at, id) 
    values
        (?, ?, ?, ?, ?, ?, ?, ?, ?, ?, ?, ?, default)
Hibernate: 
    insert 
    into
        terrains
        (area_size, available_from, available_to, created_at, description, is_available, location, main_image_id, owner_id, price_per_day, title, updated_at, id) 
    values
        (?, ?, ?, ?, ?, ?, ?, ?, ?, ?, ?, ?, default)
2026-06-15T19:21:58.265+07:00  INFO 72007 --- [demo] [           main] com.example.demo.seeder.DatabaseSeeder   : Seeded 3 terrains
Hibernate: 
    insert 
    into
        terrain_images
        (image_path, terrain_id, uploaded_at, id) 
    values
        (?, ?, ?, default)
Hibernate: 
    insert 
    into
        terrain_images
        (image_path, terrain_id, uploaded_at, id) 
    values
        (?, ?, ?, default)
Hibernate: 
    insert 
    into
        terrain_images
        (image_path, terrain_id, uploaded_at, id) 
    values
        (?, ?, ?, default)
Hibernate: 
    insert 
    into
        terrain_images
        (image_path, terrain_id, uploaded_at, id) 
    values
        (?, ?, ?, default)
2026-06-15T19:21:58.267+07:00  INFO 72007 --- [demo] [           main] com.example.demo.seeder.DatabaseSeeder   : Seeded 4 terrain images
Hibernate: 
    select
        t1_0.id,
        t1_0.area_size,
        t1_0.available_from,
        t1_0.available_to,
        t1_0.created_at,
        t1_0.description,
        t1_0.is_available,
        t1_0.location,
        t1_0.main_image_id,
        t1_0.owner_id,
        t1_0.price_per_day,
        t1_0.title,
        t1_0.updated_at 
    from
        terrains t1_0 
    where
        t1_0.id=?
Hibernate: 
    update
        terrains 
    set
        area_size=?,
        available_from=?,
        available_to=?,
        description=?,
        is_available=?,
        location=?,
        main_image_id=?,
        owner_id=?,
        price_per_day=?,
        title=?,
        updated_at=? 
    where
        id=?
Hibernate: 
    select
        t1_0.id,
        t1_0.area_size,
        t1_0.available_from,
        t1_0.available_to,
        t1_0.created_at,
        t1_0.description,
        t1_0.is_available,
        t1_0.location,
        t1_0.main_image_id,
        t1_0.owner_id,
        t1_0.price_per_day,
        t1_0.title,
        t1_0.updated_at 
    from
        terrains t1_0 
    where
        t1_0.id=?
Hibernate: 
    update
        terrains 
    set
        area_size=?,
        available_from=?,
        available_to=?,
        description=?,
        is_available=?,
        location=?,
        main_image_id=?,
        owner_id=?,
        price_per_day=?,
        title=?,
        updated_at=? 
    where
        id=?
Hibernate: 
    select
        t1_0.id,
        t1_0.area_size,
        t1_0.available_from,
        t1_0.available_to,
        t1_0.created_at,
        t1_0.description,
        t1_0.is_available,
        t1_0.location,
        t1_0.main_image_id,
        t1_0.owner_id,
        t1_0.price_per_day,
        t1_0.title,
        t1_0.updated_at 
    from
        terrains t1_0 
    where
        t1_0.id=?
Hibernate: 
    update
        terrains 
    set
        area_size=?,
        available_from=?,
        available_to=?,
        description=?,
        is_available=?,
        location=?,
        main_image_id=?,
        owner_id=?,
        price_per_day=?,
        title=?,
        updated_at=? 
    where
        id=?
Hibernate: 
    insert 
    into
        bookings
        (created_at, end_date, renter_id, start_date, status, terrain_id, total_price, updated_at, id) 
    values
        (?, ?, ?, ?, ?, ?, ?, ?, default)
Hibernate: 
    insert 
    into
        bookings
        (created_at, end_date, renter_id, start_date, status, terrain_id, total_price, updated_at, id) 
    values
        (?, ?, ?, ?, ?, ?, ?, ?, default)
Hibernate: 
    insert 
    into
        bookings
        (created_at, end_date, renter_id, start_date, status, terrain_id, total_price, updated_at, id) 
    values
        (?, ?, ?, ?, ?, ?, ?, ?, default)
2026-06-15T19:21:58.281+07:00  INFO 72007 --- [demo] [           main] com.example.demo.seeder.DatabaseSeeder   : Seeded 3 bookings
Hibernate: 
    insert 
    into
        payments
        (amount_paid, booking_id, payment_date, payment_method, status, transaction_id, id) 
    values
        (?, ?, ?, ?, ?, ?, default)
Hibernate: 
    insert 
    into
        payments
        (amount_paid, booking_id, payment_date, payment_method, status, transaction_id, id) 
    values
        (?, ?, ?, ?, ?, ?, default)
2026-06-15T19:21:58.283+07:00  INFO 72007 --- [demo] [           main] com.example.demo.seeder.DatabaseSeeder   : Seeded 2 payments
Hibernate: 
    insert 
    into
        reviews
        (comment, created_at, rating, terrain_id, updated_at, user_id, id) 
    values
        (?, ?, ?, ?, ?, ?, default)
Hibernate: 
    insert 
    into
        reviews
        (comment, created_at, rating, terrain_id, updated_at, user_id, id) 
    values
        (?, ?, ?, ?, ?, ?, default)
Hibernate: 
    insert 
    into
        reviews
        (comment, created_at, rating, terrain_id, updated_at, user_id, id) 
    values
        (?, ?, ?, ?, ?, ?, default)
2026-06-15T19:21:58.288+07:00  INFO 72007 --- [demo] [           main] com.example.demo.seeder.DatabaseSeeder   : Seeded 3 reviews
Hibernate: 
    insert 
    into
        favorites
        (created_at, terrain_id, updated_at, user_id, id) 
    values
        (?, ?, ?, ?, default)
Hibernate: 
    insert 
    into
        favorites
        (created_at, terrain_id, updated_at, user_id, id) 
    values
        (?, ?, ?, ?, default)
Hibernate: 
    insert 
    into
        favorites
        (created_at, terrain_id, updated_at, user_id, id) 
    values
        (?, ?, ?, ?, default)
2026-06-15T19:21:58.290+07:00  INFO 72007 --- [demo] [           main] com.example.demo.seeder.DatabaseSeeder   : Seeded 3 favorites
2026-06-15T19:21:58.290+07:00  INFO 72007 --- [demo] [           main] com.example.demo.seeder.DatabaseSeeder   : Database seeding completed successfully!
Mockito is currently self-attaching to enable the inline-mock-maker. This will no longer work in future releases of the JDK. Please add Mockito as an agent to your build what is described in Mockito's documentation: https://javadoc.io/doc/org.mockito/mockito-core/latest/org/mockito/Mockito.html#0.3
OpenJDK 64-Bit Server VM warning: Sharing is only supported for boot loader classes because bootstrap classpath has been appended
WARNING: A Java agent has been loaded dynamically (/Users/mac/.m2/repository/net/bytebuddy/byte-buddy-agent/1.15.10/byte-buddy-agent-1.15.10.jar)
WARNING: If a serviceability tool is in use, please run with -XX:+EnableDynamicAgentLoading to hide this warning
WARNING: If a serviceability tool is not in use, please run with -Djdk.instrument.traceUsage for more information
WARNING: Dynamic loading of agents will be disallowed by default in a future release
[INFO] Tests run: 3, Failures: 0, Errors: 0, Skipped: 0, Time elapsed: 2.085 s -- in com.example.demo.DemoApplicationTests
[INFO] 
[INFO] Results:
[INFO] 
[INFO] Tests run: 3, Failures: 0, Errors: 0, Skipped: 0
[INFO] 
[INFO] ------------------------------------------------------------------------
[INFO] BUILD SUCCESS
[INFO] ------------------------------------------------------------------------
[INFO] Total time:  3.995 s
[INFO] Finished at: 2026-06-15T19:21:58+07:00
[INFO] ------------------------------------------------------------------------
